{
    "BWA alignment - Illumina paired-end - stub": {
        "content": [
            {
                "0": [
                    [
                        {
                            "groupSize": 1,
                            "groupTarget": {
                                "patient": "patient1",
                                "sample": "sample1",
                                "sex": "XX",
                                "status": 0,
                                "platform": "illumina",
                                "single_end": false,
                                "n_fastq": 1,
                                "data_type": "bam",
                                "id": "sample1-illumina-false"
                            }
                        },
                        [
                            "sample1.bam:md5,d41d8cd98f00b204e9800998ecf8427e"
                        ]
                    ]
                ],
                "bam_mapped": [
                    [
                        {
                            "groupSize": 1,
                            "groupTarget": {
                                "patient": "patient1",
                                "sample": "sample1",
                                "sex": "XX",
                                "status": 0,
                                "platform": "illumina",
                                "single_end": false,
                                "n_fastq": 1,
                                "data_type": "bam",
                                "id": "sample1-illumina-false"
                            }
                        },
                        [
                            "sample1.bam:md5,d41d8cd98f00b204e9800998ecf8427e"
                        ]
                    ]
                ]
            }
        ],
        "meta": {
            "nf-test": "0.9.3",
            "nextflow": "25.04.8"
        },
        "timestamp": "2025-10-20T23:17:11.311916904"
    }
}