{
    "ONT BAM input - stub": {
        "content": [
            {
                "0": [
                    [
                        {
                            "id": "test-sniffles-svync",
                            "single_end": true,
                            "sample": "sample1",
                            "patient": "patient1"
                        },
                        "re-sample1-null-true-sniffles.vcf:md5,d41d8cd98f00b204e9800998ecf8427e"
                    ]
                ],
                "1": [
                    [
                        {
                            "id": "test-sniffles-svync",
                            "single_end": true,
                            "sample": "sample1",
                            "patient": "patient1"
                        },
                        "re-sample1-null-true-sniffles.vcf.gz:md5,d41d8cd98f00b204e9800998ecf8427e"
                    ]
                ],
                "2": [
                    [
                        {
                            "id": "test-sniffles-svync",
                            "single_end": true,
                            "sample": "sample1",
                            "patient": "patient1"
                        },
                        "re-sample1-null-true-sniffles.vcf.gz.tbi:md5,d41d8cd98f00b204e9800998ecf8427e"
                    ]
                ],
                "3": [
                    [
                        {
                            "id": "test-sniffles-svync",
                            "single_end": true,
                            "sample": "sample1",
                            "patient": "patient1"
                        },
                        "re-sample1-null-true-sniffles.vcf.gz.csi:md5,d41d8cd98f00b204e9800998ecf8427e"
                    ]
                ],
                "csi": [
                    [
                        {
                            "id": "test-sniffles-svync",
                            "single_end": true,
                            "sample": "sample1",
                            "patient": "patient1"
                        },
                        "re-sample1-null-true-sniffles.vcf.gz.csi:md5,d41d8cd98f00b204e9800998ecf8427e"
                    ]
                ],
                "tbi": [
                    [
                        {
                            "id": "test-sniffles-svync",
                            "single_end": true,
                            "sample": "sample1",
                            "patient": "patient1"
                        },
                        "re-sample1-null-true-sniffles.vcf.gz.tbi:md5,d41d8cd98f00b204e9800998ecf8427e"
                    ]
                ],
                "vcf": [
                    [
                        {
                            "id": "test-sniffles-svync",
                            "single_end": true,
                            "sample": "sample1",
                            "patient": "patient1"
                        },
                        "re-sample1-null-true-sniffles.vcf:md5,d41d8cd98f00b204e9800998ecf8427e"
                    ]
                ],
                "vcfgz": [
                    [
                        {
                            "id": "test-sniffles-svync",
                            "single_end": true,
                            "sample": "sample1",
                            "patient": "patient1"
                        },
                        "re-sample1-null-true-sniffles.vcf.gz:md5,d41d8cd98f00b204e9800998ecf8427e"
                    ]
                ]
            }
        ],
        "meta": {
            "nf-test": "0.9.3",
            "nextflow": "25.04.8"
        },
        "timestamp": "2025-10-19T01:56:49.522836124"
    }
}