{
    "Short reads (Illumina) - FASTP + BBDUK - stub": {
        "content": [
            {
                "0": [
                    [
                        [
                            [
                                {
                                    "id": "test",
                                    "single_end": false,
                                    "platform": "illumina",
                                    "median_bp": 150
                                },
                                "test.html:md5,d41d8cd98f00b204e9800998ecf8427e"
                            ]
                        ]
                    ]
                ],
                "1": [
                    [
                        [
                            "multiqc_report.html:md5,d41d8cd98f00b204e9800998ecf8427e"
                        ]
                    ]
                ],
                "2": [
                    [
                        {
                            "id": "test",
                            "single_end": false,
                            "platform": "illumina",
                            "median_bp": 150
                        },
                        [
                            "test.trim_1.fastq.gz:md5,68b329da9893e34099c7d8ad5cb9c940",
                            "test.trim_2.fastq.gz:md5,68b329da9893e34099c7d8ad5cb9c940"
                        ]
                    ]
                ],
                "3": [
                    "versions.yml:md5,0238ebf55f5f9287ee8d277b1f3e0546",
                    "versions.yml:md5,0cb5dfb0e1946131ceae4f8fe3d6a2c1",
                    "versions.yml:md5,32f22c584a664b35c315ddbbdf1f868e",
                    "versions.yml:md5,362986f4bcc8da9e616deac19b72c0e8",
                    "versions.yml:md5,4776a0e6886e8a9b6c701ef1e16de23c",
                    "versions.yml:md5,60dc4c49208baeb9a788810d68336aef"
                ],
                "fastq_filtered": [
                    [
                        {
                            "id": "test",
                            "single_end": false,
                            "platform": "illumina",
                            "median_bp": 150
                        },
                        [
                            "test.trim_1.fastq.gz:md5,68b329da9893e34099c7d8ad5cb9c940",
                            "test.trim_2.fastq.gz:md5,68b329da9893e34099c7d8ad5cb9c940"
                        ]
                    ]
                ],
                "fastqc_report": [
                    [
                        [
                            [
                                {
                                    "id": "test",
                                    "single_end": false,
                                    "platform": "illumina",
                                    "median_bp": 150
                                },
                                "test.html:md5,d41d8cd98f00b204e9800998ecf8427e"
                            ]
                        ]
                    ]
                ],
                "multiqc_report": [
                    [
                        [
                            "multiqc_report.html:md5,d41d8cd98f00b204e9800998ecf8427e"
                        ]
                    ]
                ],
                "versions": [
                    "versions.yml:md5,0238ebf55f5f9287ee8d277b1f3e0546",
                    "versions.yml:md5,0cb5dfb0e1946131ceae4f8fe3d6a2c1",
                    "versions.yml:md5,32f22c584a664b35c315ddbbdf1f868e",
                    "versions.yml:md5,362986f4bcc8da9e616deac19b72c0e8",
                    "versions.yml:md5,4776a0e6886e8a9b6c701ef1e16de23c",
                    "versions.yml:md5,60dc4c49208baeb9a788810d68336aef"
                ]
            }
        ],
        "meta": {
            "nf-test": "0.9.3",
            "nextflow": "25.04.8"
        },
        "timestamp": "2025-10-22T23:25:17.753837038"
    },
    "SEQTK subsampling enabled - stub": {
        "content": [
            {
                "0": [
                    [
                        [
                            [
                                {
                                    "id": "test",
                                    "single_end": false,
                                    "platform": "illumina",
                                    "median_bp": 150
                                },
                                "test.html:md5,d41d8cd98f00b204e9800998ecf8427e"
                            ]
                        ]
                    ]
                ],
                "1": [
                    [
                        [
                            "multiqc_report.html:md5,d41d8cd98f00b204e9800998ecf8427e"
                        ]
                    ]
                ],
                "2": [
                    [
                        {
                            "id": "test",
                            "single_end": false,
                            "platform": "illumina",
                            "median_bp": 150
                        },
                        "test.fastq.gz:md5,68b329da9893e34099c7d8ad5cb9c940"
                    ]
                ],
                "3": [
                    "versions.yml:md5,0238ebf55f5f9287ee8d277b1f3e0546",
                    "versions.yml:md5,0cb5dfb0e1946131ceae4f8fe3d6a2c1",
                    "versions.yml:md5,136ab7c83e1808a87bc3a917ff9a9a05",
                    "versions.yml:md5,32f22c584a664b35c315ddbbdf1f868e",
                    "versions.yml:md5,362986f4bcc8da9e616deac19b72c0e8",
                    "versions.yml:md5,4776a0e6886e8a9b6c701ef1e16de23c",
                    "versions.yml:md5,60dc4c49208baeb9a788810d68336aef"
                ],
                "fastq_filtered": [
                    [
                        {
                            "id": "test",
                            "single_end": false,
                            "platform": "illumina",
                            "median_bp": 150
                        },
                        "test.fastq.gz:md5,68b329da9893e34099c7d8ad5cb9c940"
                    ]
                ],
                "fastqc_report": [
                    [
                        [
                            [
                                {
                                    "id": "test",
                                    "single_end": false,
                                    "platform": "illumina",
                                    "median_bp": 150
                                },
                                "test.html:md5,d41d8cd98f00b204e9800998ecf8427e"
                            ]
                        ]
                    ]
                ],
                "multiqc_report": [
                    [
                        [
                            "multiqc_report.html:md5,d41d8cd98f00b204e9800998ecf8427e"
                        ]
                    ]
                ],
                "versions": [
                    "versions.yml:md5,0238ebf55f5f9287ee8d277b1f3e0546",
                    "versions.yml:md5,0cb5dfb0e1946131ceae4f8fe3d6a2c1",
                    "versions.yml:md5,136ab7c83e1808a87bc3a917ff9a9a05",
                    "versions.yml:md5,32f22c584a664b35c315ddbbdf1f868e",
                    "versions.yml:md5,362986f4bcc8da9e616deac19b72c0e8",
                    "versions.yml:md5,4776a0e6886e8a9b6c701ef1e16de23c",
                    "versions.yml:md5,60dc4c49208baeb9a788810d68336aef"
                ]
            }
        ],
        "meta": {
            "nf-test": "0.9.3",
            "nextflow": "25.04.8"
        },
        "timestamp": "2025-10-22T23:26:08.632430369"
    },
    "Long reads (ONT) - FASTPLONG only - stub": {
        "content": [
            {
                "0": [
                    [
                        [
                            [
                                {
                                    "id": "test_ont",
                                    "single_end": true,
                                    "platform": "ont",
                                    "median_bp": 5000
                                },
                                "test_ont.html:md5,d41d8cd98f00b204e9800998ecf8427e"
                            ],
                            [
                                {
                                    "id": "test_ont",
                                    "single_end": true,
                                    "platform": "ont",
                                    "median_bp": 5000
                                },
                                "test_ont.html:md5,d41d8cd98f00b204e9800998ecf8427e"
                            ]
                        ]
                    ]
                ],
                "1": [
                    null
                ],
                "2": [
                    [
                        {
                            "id": "test_ont",
                            "single_end": true,
                            "platform": "ont",
                            "median_bp": 5000
                        },
                        "test_ont.fastplong.fastq.gz:md5,68b329da9893e34099c7d8ad5cb9c940"
                    ],
                    [
                        {
                            "id": "test_ont",
                            "single_end": true,
                            "platform": "ont",
                            "median_bp": 5000
                        },
                        "test_ont.fastplong.fastq.gz:md5,68b329da9893e34099c7d8ad5cb9c940"
                    ]
                ],
                "3": [
                    "versions.yml:md5,0949553daedb968f887d5ae332253ff3",
                    "versions.yml:md5,32f22c584a664b35c315ddbbdf1f868e",
                    "versions.yml:md5,32f22c584a664b35c315ddbbdf1f868e",
                    "versions.yml:md5,362986f4bcc8da9e616deac19b72c0e8"
                ],
                "fastq_filtered": [
                    [
                        {
                            "id": "test_ont",
                            "single_end": true,
                            "platform": "ont",
                            "median_bp": 5000
                        },
                        "test_ont.fastplong.fastq.gz:md5,68b329da9893e34099c7d8ad5cb9c940"
                    ],
                    [
                        {
                            "id": "test_ont",
                            "single_end": true,
                            "platform": "ont",
                            "median_bp": 5000
                        },
                        "test_ont.fastplong.fastq.gz:md5,68b329da9893e34099c7d8ad5cb9c940"
                    ]
                ],
                "fastqc_report": [
                    [
                        [
                            [
                                {
                                    "id": "test_ont",
                                    "single_end": true,
                                    "platform": "ont",
                                    "median_bp": 5000
                                },
                                "test_ont.html:md5,d41d8cd98f00b204e9800998ecf8427e"
                            ],
                            [
                                {
                                    "id": "test_ont",
                                    "single_end": true,
                                    "platform": "ont",
                                    "median_bp": 5000
                                },
                                "test_ont.html:md5,d41d8cd98f00b204e9800998ecf8427e"
                            ]
                        ]
                    ]
                ],
                "multiqc_report": [
                    null
                ],
                "versions": [
                    "versions.yml:md5,0949553daedb968f887d5ae332253ff3",
                    "versions.yml:md5,32f22c584a664b35c315ddbbdf1f868e",
                    "versions.yml:md5,32f22c584a664b35c315ddbbdf1f868e",
                    "versions.yml:md5,362986f4bcc8da9e616deac19b72c0e8"
                ]
            }
        ],
        "meta": {
            "nf-test": "0.9.3",
            "nextflow": "25.04.8"
        },
        "timestamp": "2025-10-22T23:25:33.566598922"
    }
}